I'm sorry, but errors were detected in your script. Please correct the
errors listed below, and try again.


File "game/custom_screens.rpy", line 40: keyword argument 'xpos' is incompatible with 'xalign'.
    xpos 150
        ^

Ren'Py Version: Ren'Py 8.3.2.24090902
Mon Nov 11 00:37:56 2024
